INFO: Starting data generation...
INFO: Configuration: Min = 20, Max = 100
INFO: Output Directory: 'feedback_contents'
ERROR: FILE NOT FOUND: 'pickles/feedbacks.p'.
ERROR: FILE NOT FOUND: 'pickles/courses.p'.
ERROR: FILE NOT FOUND: 'pickles/categories.p'.
INFO: Folder created: 'feedback_contents'
INFO: Loaded 0 feedback forms and 0 courses.
INFO: Generated 0 files in 'feedback_contents'.
INFO: Starting data generation...
INFO: Configuration: Min = 20, Max = 100
INFO: Output Directory: 'feedback_contents'
INFO: Loaded 9666 feedback forms and 10229 courses.
INFO: Generating 150 files...
INFO: Generating 300 files...
INFO: Generating 450 files...
INFO: Generating 600 files...
INFO: Generating 750 files...
INFO: Generating 900 files...
INFO: Generating 1050 files...
INFO: Generating 1200 files...
INFO: Generating 1350 files...
INFO: Generating 1500 files...
